// Jest Snapshot v1, https://goo.gl/fbAQLP

exports[`SearchResults renders correctly 1`] = `
<DocumentFragment>
  <div
    class="search-results"
  >
    <p>
      Search results
    </p>
    <div
      class="image-grid"
    >
      <img
        alt="moon"
        class="card-image"
        src="image.jpg"
      />
      <img
        alt="moon"
        class="card-image"
        src="image2.jpg"
      />
      <img
        alt="moon"
        class="card-image"
        src="image3.jpg"
      />
    </div>
  </div>
</DocumentFragment>
`;
